java.nio.file.InvalidPathException: Illegal char <?> at index 0: ?C:\Users\ankit chouhan\Downloads\python-3.13.3-amd64.exe/scala
  java.base@17.0.9/sun.nio.fs.WindowsPathParser.normalize(WindowsPathParser.java:182)
  java.base@17.0.9/sun.nio.fs.WindowsPathParser.parse(WindowsPathParser.java:153)
  java.base@17.0.9/sun.nio.fs.WindowsPathParser.parse(WindowsPathParser.java:77)
  java.base@17.0.9/sun.nio.fs.WindowsPath.parse(WindowsPath.java:92)
  java.base@17.0.9/sun.nio.fs.WindowsFileSystem.getPath(WindowsFileSystem.java:232)
  java.base@17.0.9/java.nio.file.Path.of(Path.java:147)
  java.base@17.0.9/java.nio.file.Paths.get(Paths.java:69)
  os.Path$defaultPathSerializer$.deserialize(Path.scala:455)
  os.PathConvertible$StringConvertible$.apply(Path.scala:638)
  os.PathConvertible$StringConvertible$.apply(Path.scala:638)
  os.FilePath$.f$2(Path.scala:297)
  os.FilePath$.apply(Path.scala:299)
  os.Path$.apply(Path.scala:485)
  scala.cli.internal.ProcUtil$.$anonfun$5(ProcUtil.scala:95)
  scala.collection.ArrayOps$.filter$extension(ArrayOps.scala:565)
  scala.cli.internal.ProcUtil$.findApplicationPathsOnPATH(ProcUtil.scala:95)
  scala.cli.commands.CommandUtils$.getAbsolutePathToScalaCli$$anonfun$2(CommandUtils.scala:31)
  scala.Option.orElse(Option.scala:477)
  scala.cli.commands.CommandUtils$.getAbsolutePathToScalaCli(CommandUtils.scala:54)
  scala.cli.commands.setupide.SetupIde$.$anonfun$9(SetupIde.scala:164)
  scala.Option.getOrElse(Option.scala:201)
  scala.cli.commands.setupide.SetupIde$.writeBspConfiguration$$anonfun$1(SetupIde.scala:164)
  scala.build.EitherCps$Helper.apply(EitherCps.scala:19)
  scala.cli.commands.setupide.SetupIde$.writeBspConfiguration(SetupIde.scala:118)
  scala.cli.commands.setupide.SetupIde$.runSafe(SetupIde.scala:102)
  scala.cli.commands.run.Run$.runCommand(Run.scala:231)
  scala.cli.commands.default.Default.runCommand(Default.scala:70)
  scala.cli.commands.default.Default.runCommand(Default.scala:40)
  scala.cli.commands.ScalaCommand.run(ScalaCommand.scala:428)
  scala.cli.commands.ScalaCommand.run(ScalaCommand.scala:392)
  caseapp.core.app.CaseApp.main(CaseApp.scala:166)
  scala.cli.commands.ScalaCommand.main(ScalaCommand.scala:377)
  caseapp.core.app.CommandsEntryPoint.main(CommandsEntryPoint.scala:370)
  scala.cli.ScalaCliCommands.main(ScalaCliCommands.scala:125)
  scala.cli.ScalaCli$.main0$$anonfun$1(ScalaCli.scala:338)
  scala.runtime.function.JProcedure1.apply(JProcedure1.java:15)
  scala.runtime.function.JProcedure1.apply(JProcedure1.java:10)
  scala.build.EitherCps$Helper.apply(EitherCps.scala:19)
  scala.cli.ScalaCli$.main0(ScalaCli.scala:239)
  scala.cli.ScalaCli$.main(ScalaCli.scala:123)
  scala.cli.ScalaCli.main(ScalaCli.scala)
